../Core/Src/main.c:144:5:main	32	static
../Core/Src/main.c:231:6:SystemClock_Config	88	static
../Core/Src/main.c:278:13:MX_TIM3_Init	32	static
../Core/Src/main.c:323:13:MX_TIM4_Init	64	static
../Core/Src/main.c:382:13:MX_USART2_UART_Init	8	static
../Core/Src/main.c:413:13:MX_DMA_Init	16	static
../Core/Src/main.c:431:13:MX_GPIO_Init	48	static
../Core/Src/main.c:492:6:HAL_UART_RxCpltCallback	40	static
../Core/Src/main.c:521:6:HAL_TIM_PeriodElapsedCallback	24	static
../Core/Src/main.c:534:6:gauge	40	static
../Core/Src/main.c:550:23:map	16	static
../Core/Src/main.c:554:23:map_byte	32	static
../Core/Src/main.c:558:6:send_ws	32	static
../Core/Src/main.c:582:6:HAL_TIM_PWM_PulseFinishedCallback	16	static
../Core/Src/main.c:587:6:set_led	24	static
../Core/Src/main.c:594:6:set_led_matrix64	48	static
../Core/Src/main.c:611:6:Error_Handler	4	static,ignoring_inline_asm
