../Core/Src/main.c:127:5:main	8	static
../Core/Src/main.c:196:6:SystemClock_Config	88	static
../Core/Src/main.c:243:13:MX_TIM3_Init	32	static
../Core/Src/main.c:288:13:MX_TIM4_Init	64	static
../Core/Src/main.c:347:13:MX_USART2_UART_Init	8	static
../Core/Src/main.c:378:13:MX_DMA_Init	16	static
../Core/Src/main.c:396:13:MX_GPIO_Init	48	static
../Core/Src/main.c:457:6:HAL_UART_RxCpltCallback	40	static
../Core/Src/main.c:486:6:HAL_TIM_PeriodElapsedCallback	24	static
../Core/Src/main.c:499:6:gauge	40	static
../Core/Src/main.c:515:23:map	16	static
../Core/Src/main.c:519:23:map_byte	32	static
../Core/Src/main.c:523:6:send_ws	32	static
../Core/Src/main.c:547:6:HAL_TIM_PWM_PulseFinishedCallback	16	static
../Core/Src/main.c:552:6:set_led	16	static
../Core/Src/main.c:564:6:Error_Handler	4	static,ignoring_inline_asm
