../Core/Src/main.c:144:5:main	3
../Core/Src/main.c:231:6:SystemClock_Config	3
../Core/Src/main.c:278:13:MX_TIM3_Init	4
../Core/Src/main.c:323:13:MX_TIM4_Init	6
../Core/Src/main.c:382:13:MX_USART2_UART_Init	2
../Core/Src/main.c:413:13:MX_DMA_Init	1
../Core/Src/main.c:431:13:MX_GPIO_Init	1
../Core/Src/main.c:492:6:HAL_UART_RxCpltCallback	4
../Core/Src/main.c:521:6:HAL_TIM_PeriodElapsedCallback	3
../Core/Src/main.c:534:6:gauge	3
../Core/Src/main.c:550:23:map	1
../Core/Src/main.c:554:23:map_byte	1
../Core/Src/main.c:558:6:send_ws	6
../Core/Src/main.c:582:6:HAL_TIM_PWM_PulseFinishedCallback	1
../Core/Src/main.c:587:6:set_led	1
../Core/Src/main.c:594:6:set_led_matrix64	4
../Core/Src/main.c:611:6:Error_Handler	1
